// Jest Snapshot v1, https://goo.gl/fbAQLP

exports[`if-else.css 1`] = `
@if $media == phonePortrait {
    $k: .15625;
} @else if $media == phoneLandscape {
    $k: .08803;
} @else if $media == tabletPortrait {
    $k: .065106;
}
~~~~~~~~~~~~~~~~~~~~~~~~~~~~~~~~~~~~~~~~~~~~~~~~~~~~~~~~~~~~~~~~~~~~~~~~~~~~~~~~
@if $media == phonePortrait {
  $k: 0.15625;
} @else if $media == phoneLandscape {
  $k: 0.08803;
} @else if $media == tabletPortrait {
  $k: 0.065106;
}

`;

exports[`namespaces.css 1`] = `
@namespace toto "http://toto.example.org";
@namespace toto url("http://toto.example.org");
@namespace toto "http://toto.example.org" ;
@namespace  toto  "http://toto.example.org"  ;
@namespace
toto
"http://toto.example.org"
;
@namespace very-very-very-very-very-very-very-very-very-very-very-very-very-very-long-namespace "http://toto.example.org";
@namespace
very-very-very-very-very-very-very-very-very-very-very-very-very-very-long-namespace
"http://toto.example.org"
;
@namespace "http://example.com/foo";
@namespace url("http://example.com/foo");
@namespace url("http://example.com/foo") ;
@namespace  url("http://example.com/foo")  ;
@namespace
url("http://example.com/foo");
@namespace url("http://example.com/foo/very/very/very/very/very/very/very/very/very/very/very/very/very/very");
@namespace
url("http://example.com/foo/very/very/very/very/very/very/very/very/very/very/very/very/very/very/very");
~~~~~~~~~~~~~~~~~~~~~~~~~~~~~~~~~~~~~~~~~~~~~~~~~~~~~~~~~~~~~~~~~~~~~~~~~~~~~~~~
@namespace toto "http://toto.example.org";
@namespace toto url("http://toto.example.org");
@namespace toto "http://toto.example.org";
@namespace toto "http://toto.example.org";
@namespace toto "http://toto.example.org";
@namespace very-very-very-very-very-very-very-very-very-very-very-very-very-very-long-namespace "http://toto.example.org";
@namespace very-very-very-very-very-very-very-very-very-very-very-very-very-very-long-namespace "http://toto.example.org";
@namespace "http://example.com/foo";
@namespace url("http://example.com/foo");
@namespace url("http://example.com/foo");
@namespace url("http://example.com/foo");
@namespace url("http://example.com/foo");
@namespace url("http://example.com/foo/very/very/very/very/very/very/very/very/very/very/very/very/very/very");
@namespace url("http://example.com/foo/very/very/very/very/very/very/very/very/very/very/very/very/very/very/very");

`;

exports[`viewport.css 1`] = `
@viewport {
  min-width: 640px;
  max-width: 800px;
}

@viewport {
  zoom: 0.75;
  min-zoom: 0.5;
  max-zoom: 0.9;
}

@viewport {
  orientation: landscape;
}
~~~~~~~~~~~~~~~~~~~~~~~~~~~~~~~~~~~~~~~~~~~~~~~~~~~~~~~~~~~~~~~~~~~~~~~~~~~~~~~~
@viewport {
  min-width: 640px;
  max-width: 800px;
}

@viewport {
  zoom: 0.75;
  min-zoom: 0.5;
  max-zoom: 0.9;
}

@viewport {
  orientation: landscape;
}

`;
